Name                                                                                                                             Owner                                                                                                                            Type                            Created_datetime
-------------------------------------------------------------------------------------------------------------------------------- -------------------------------------------------------------------------------------------------------------------------------- ------------------------------- -----------------------
AFIP_Citi_Compra                                                                                                                 dbo                                                                                                                              user table                      2026-06-11 09:02:11.670

 
 
Column_name                                                                                                                      Type                                                                                                                             Computed                            Length      Prec  Scale Nullable                            TrimTrailingBlanks                  FixedLenNullInSource                Collation
-------------------------------------------------------------------------------------------------------------------------------- -------------------------------------------------------------------------------------------------------------------------------- ----------------------------------- ----------- ----- ----- ----------------------------------- ----------------------------------- ----------------------------------- --------------------------------------------------------------------------------------------------------------------------------
Cod_CC                                                                                                                           int                                                                                                                              no                                  4           10    0     no                                  (n/a)                               (n/a)                               NULL
Mes_CC                                                                                                                           int                                                                                                                              no                                  4           10    0     yes                                 (n/a)                               (n/a)                               NULL
Anio_CC                                                                                                                          int                                                                                                                              no                                  4           10    0     yes                                 (n/a)                               (n/a)                               NULL
Fecha_Comprobante_CC                                                                                                             datetime                                                                                                                         no                                  8                       yes                                 (n/a)                               (n/a)                               NULL
Tipo_Comprobante_CC                                                                                                              char                                                                                                                             no                                  3                       yes                                 no                                  yes                                 SQL_Latin1_General_CP1_CI_AI
Punto_Venta_CC                                                                                                                   char                                                                                                                             no                                  5                       yes                                 no                                  yes                                 SQL_Latin1_General_CP1_CI_AI
Nro_Comprobante_CC                                                                                                               char                                                                                                                             no                                  20                      yes                                 no                                  yes                                 SQL_Latin1_General_CP1_CI_AI
Nro_Despacho_CC                                                                                                                  char                                                                                                                             no                                  52                      yes                                 no                                  yes                                 SQL_Latin1_General_CP1_CI_AI
Codigo_Vendedor_CC                                                                                                               char                                                                                                                             no                                  2                       yes                                 no                                  yes                                 SQL_Latin1_General_CP1_CI_AI
Nro_Vendedor_CC                                                                                                                  char                                                                                                                             no                                  20                      yes                                 no                                  yes                                 SQL_Latin1_General_CP1_CI_AI
Nombre_Vendedor_CC                                                                                                               char                                                                                                                             no                                  30                      yes                                 no                                  yes                                 SQL_Latin1_General_CP1_CI_AI
Importe_Total_Operacion_CC                                                                                                       decimal                                                                                                                          no                                  9           18    2     yes                                 (n/a)                               (n/a)                               NULL
Importe_Conceptos_NO_Neto_Gravado_CC                                                                                             decimal                                                                                                                          no                                  9           18    2     yes                                 (n/a)                               (n/a)                               NULL
Importe_Operacion_Exenta_CC                                                                                                      decimal                                                                                                                          no                                  9           18    2     yes                                 (n/a)                               (n/a)                               NULL
Importe_Perc_IVA_CC                                                                                                              decimal                                                                                                                          no                                  9           18    2     yes                                 (n/a)                               (n/a)                               NULL
Importe_Perc_Imp_Nacional_CC                                                                                                     decimal                                                                                                                          no                                  9           18    2     yes                                 (n/a)                               (n/a)                               NULL
Importe_Perc_IIBB_CC                                                                                                             decimal                                                                                                                          no                                  9           18    2     yes                                 (n/a)                               (n/a)                               NULL
Importe_Perc_Imp_Mun_CC                                                                                                          decimal                                                                                                                          no                                  9           18    2     yes                                 (n/a)                               (n/a)                               NULL
Importe_Impuesto_Interno_CC                                                                                                      decimal                                                                                                                          no                                  9           18    2     yes                                 (n/a)                               (n/a)                               NULL
Codigo_Moneda_CC                                                                                                                 char                                                                                                                             no                                  3                       yes                                 no                                  yes                                 SQL_Latin1_General_CP1_CI_AI
Tipo_Cambio_CC                                                                                                                   char                                                                                                                             no                                  10                      yes                                 no                                  yes                                 SQL_Latin1_General_CP1_CI_AI
Cantidad_Alicuota_IVA_CC                                                                                                         char                                                                                                                             no                                  1                       yes                                 no                                  yes                                 SQL_Latin1_General_CP1_CI_AI
Codigo_Operacion_CC                                                                                                              char                                                                                                                             no                                  1                       yes                                 no                                  yes                                 SQL_Latin1_General_CP1_CI_AI
Codigo_Fiscal_CC                                                                                                                 decimal                                                                                                                          no                                  9           18    2     yes                                 (n/a)                               (n/a)                               NULL
Otro_Tributo_CC                                                                                                                  char                                                                                                                             no                                  15                      yes                                 no                                  yes                                 SQL_Latin1_General_CP1_CI_AI
CUIT_Emisor_CC                                                                                                                   char                                                                                                                             no                                  11                      yes                                 no                                  yes                                 SQL_Latin1_General_CP1_CI_AI
Denominacion_Emisor_CC                                                                                                           char                                                                                                                             no                                  30                      yes                                 no                                  yes                                 SQL_Latin1_General_CP1_CI_AI
IVA_Comision_CC                                                                                                                  decimal                                                                                                                          no                                  9           18    2     yes                                 (n/a)                               (n/a)                               NULL
Porc_Iva_CC                                                                                                                      decimal                                                                                                                          no                                  9           18    2     yes                                 (n/a)                               (n/a)                               NULL
Neto_CC                                                                                                                          decimal                                                                                                                          no                                  9           18    2     yes                                 (n/a)                               (n/a)                               NULL
Ret_Iva_CC                                                                                                                       decimal                                                                                                                          no                                  9           18    2     yes                                 (n/a)                               (n/a)                               NULL
Nro_Proveedor                                                                                                                    int                                                                                                                              no                                  4           10    0     yes                                 (n/a)                               (n/a)                               NULL
Fecha_Caja_Banco_CC                                                                                                              datetime                                                                                                                         no                                  8                       yes                                 (n/a)                               (n/a)                               NULL
migrado_pdf                                                                                                                      bit                                                                                                                              no                                  1                       no                                  (n/a)                               (n/a)                               NULL

 
Identity                                                                                                                         Seed                                    Increment                               Not For Replication
-------------------------------------------------------------------------------------------------------------------------------- --------------------------------------- --------------------------------------- -------------------
Cod_CC                                                                                                                           1                                       1                                       0

 
RowGuidCol
--------------------------------------------------------------------------------------------------------------------------------
No rowguidcol column defined.

 
Data_located_on_filegroup
--------------------------------------------------------------------------------------------------------------------------------
PRIMARY

 
The object 'dbo.AFIP_Citi_Compra' does not have any indexes, or you do not have permissions.
 
constraint_type                                                                                                                                                                                                                                                  constraint_name                                                                                                                  delete_action update_action status_enabled status_for_replication constraint_keys
---------------------------------------------------------------------------------------------------------------------------------------------------------------------------------------------------------------------------------------------------------------- -------------------------------------------------------------------------------------------------------------------------------- ------------- ------------- -------------- ---------------------- ----------------------------------------------------------------------------------------------------------------------------------------------------------------------------------------------------------------------------------------------------------------
DEFAULT on column migrado_pdf                                                                                                                                                                                                                                    DF_AFIP_Citi_Compra_migrado_pdf                                                                                                  (n/a)         (n/a)         (n/a)          (n/a)                  ((0))

 
No foreign keys reference table 'dbo.AFIP_Citi_Compra', or you do not have permissions on referencing tables.
No views with schema binding reference table 'dbo.AFIP_Citi_Compra'.

Hora de finalización: 2026-07-08T09:51:19.3268953-03:00
